******************************************************************************
                  TI ARM Linker PC v18.12.3                    
******************************************************************************
>> Linked Mon May 11 12:55:29 2020

OUTPUT FILE NAME:   <eps_base.out>
ENTRY POINT SYMBOL: "_c_int00"  address: 00006dfc


MEMORY CONFIGURATION

         name            origin    length      used     unused   attr    fill
----------------------  --------  ---------  --------  --------  ----  --------
  VECTORS               00000000   00000020  00000020  00000000     X
  FLASH0                00000020   0013ffe0  000077b0  00138830  R  X
  STACKS                08000000   00001500  00000000  00001500  RW  
  RAM                   08001500   0002eb00  0000007c  0002ea84  RW  


SEGMENT ALLOCATION MAP

run origin  load origin   length   init length attrs members
----------  ----------- ---------- ----------- ----- -------
00000000    00000000    000077d4   000077d4    r-x
  00000000    00000000    00000020   00000020    r-x .intvecs
  00000020    00000020    0000759c   0000759c    r-x .text
  000075bc    000075bc    00000200   00000200    r-- .const
  000077c0    000077c0    00000014   00000014    r-- .cinit
08001500    08001500    0000007c   00000000    rw-
  08001500    08001500    0000007c   00000000    rw- .bss


SECTION ALLOCATION MAP

 output                                  attributes/
section   page    origin      length       input sections
--------  ----  ----------  ----------   ----------------
.intvecs   0    00000000    00000020     
                  00000000    00000020     sys_intvecs.obj (.intvecs)

.text      0    00000020    0000759c     
                  00000020    00002cdc     sys_selftest.obj (.text)
                  00002cfc    00000be0     spi.obj (.text)
                  000038dc    00000b64     system.obj (.text)
                  00004440    00000a54     sys_vim.obj (.text)
                  00004e94    000008ac     pinmux.obj (.text)
                  00005740    00000664     errata_SSWF021_45.obj (.text)
                  00005da4    000005bc     esm.obj (.text)
                  00006360    00000484     gio.obj (.text)
                  000067e4    0000034c     sys_core.obj (.text)
                  00006b30    000002cc     sys_vim.obj (.text:retain)
                  00006dfc    00000290     sys_startup.obj (.text:retain)
                  0000708c    0000012c     dac8552.obj (.text)
                  000071b8    00000114     esm.obj (.text:retain)
                  000072cc    000000e8     dabort.obj (.text)
                  000073b4    000000e0     sys_pmu.obj (.text)
                  00007494    000000a4     notification.obj (.text)
                  00007538    00000044     rtsv7R4_T_be_v3D16_eabi.lib : autoinit.c.obj (.text:__TI_auto_init_nobinit_nopinit:__TI_auto_init_nobinit_nopinit)
                  0000757c    0000001c                                 : copy_zero_init.c.obj (.text:decompress:ZI:__TI_zero_init_nomemset:__TI_zero_init_nomemset)
                  00007598    00000018     sys_main.obj (.text)
                  000075b0    00000004     rtsv7R4_T_be_v3D16_eabi.lib : exit.c.obj (.text:abort:abort)
                  000075b4    00000004     sys_phantom.obj (.text:retain)
                  000075b8    00000004     sys_startup.obj (.text)

.const     0    000075bc    00000200     
                  000075bc    00000200     sys_vim.obj (.const:s_vim_init)

.cinit     0    000077c0    00000014     
                  000077c0    00000008     (.cinit..bss.load) [load image, compression = zero_init]
                  000077c8    00000004     (__TI_handler_table)
                  000077cc    00000008     (__TI_cinit_table)

.bss       0    08001500    0000007c     UNINITIALIZED
                  08001500    00000078     spi.obj (.bss:g_spiPacket_t)
                  08001578    00000004     (.common:sConfDat)

MODULE SUMMARY

       Module                  code    ro data   rw data
       ------                  ----    -------   -------
    .\source\
       sys_selftest.obj        11484   0         0      
       sys_vim.obj             3360    512       0      
       spi.obj                 3040    0         120    
       system.obj              2916    0         0      
       pinmux.obj              2220    0         0      
       esm.obj                 1744    0         0      
       errata_SSWF021_45.obj   1636    0         0      
       gio.obj                 1156    0         0      
       sys_core.obj            844     0         0      
       sys_startup.obj         660     0         0      
       dac8552.obj             300     0         4      
       dabort.obj              232     0         0      
       sys_pmu.obj             224     0         0      
       notification.obj        164     0         0      
       sys_intvecs.obj         32      0         0      
       sys_main.obj            24      0         0      
       sys_phantom.obj         4       0         0      
    +--+-----------------------+-------+---------+---------+
       Total:                  30040   512       124    
                                                        
    C:/ti/ccs920/ccs/tools/compiler/ti-cgt-arm_18.12.3.LTS/lib/rtsv7R4_T_be_v3D16_eabi.lib
       autoinit.c.obj          68      0         0      
       copy_zero_init.c.obj    28      0         0      
       exit.c.obj              4       0         0      
    +--+-----------------------+-------+---------+---------+
       Total:                  100     0         0      
                                                        
       Linker Generated:       0       20        0      
    +--+-----------------------+-------+---------+---------+
       Grand Total:            30140   532       124    


LINKER GENERATED COPY TABLES

__TI_cinit_table @ 000077cc records: 1, size/record: 8, table size: 8
	.bss: load addr=000077c0, load size=00000008 bytes, run addr=08001500, run size=0000007c bytes, compression=zero_init


LINKER GENERATED HANDLER TABLE

__TI_handler_table @ 000077c8 records: 1, size/record: 4, table size: 4
	index: 0, handler: __TI_zero_init


GLOBAL SYMBOLS: SORTED ALPHABETICALLY BY Name 

address   name                                
-------   ----                                
000075b1  C$$EXIT                             
UNDEFED   SHT$$INIT_ARRAY$$Base               
UNDEFED   SHT$$INIT_ARRAY$$Limit              
0000358c  SpiRxStatus                         
00003500  SpiTxStatus                         
000077cc  __TI_CINIT_Base                     
000077d4  __TI_CINIT_Limit                    
000077c8  __TI_Handler_Table_Base             
000077cc  __TI_Handler_Table_Limit            
00006b28  __TI_PINIT_Base                     
00006b2c  __TI_PINIT_Limit                    
00007539  __TI_auto_init_nobinit_nopinit      
ffffffff  __TI_pprof_out_hndl                 
ffffffff  __TI_prof_data_size                 
ffffffff  __TI_prof_data_start                
00000000  __TI_static_base__                  
0000757d  __TI_zero_init_nomemset             
ffffffff  __binit__                           
ffffffff  __c_args__                          
00006dfc  _c_int00                            
00006a40  _coreClearAuxiliaryDataFault_       
00006a54  _coreClearAuxiliaryInstructionFault_
00006a18  _coreClearDataFaultAddress_         
000069f0  _coreClearDataFault_                
00006a2c  _coreClearInstructionFaultAddress_  
00006a04  _coreClearInstructionFault_         
00006984  _coreDisableEventBusExport_         
000069c8  _coreDisableFlashEcc_               
000069a4  _coreDisableRamEcc_                 
00006974  _coreEnableEventBusExport_          
000069b4  _coreEnableFlashEcc_                
000069d8  _coreEnableIrqVicOffset_            
00006994  _coreEnableRamEcc_                  
0000695c  _coreEnableVfp_                     
00006a38  _coreGetAuxiliaryDataFault_         
00006a4c  _coreGetAuxiliaryInstructionFault_  
00006a10  _coreGetDataFaultAddress_           
000069e8  _coreGetDataFault_                  
00006a24  _coreGetInstructionFaultAddress_    
000069fc  _coreGetInstructionFault_           
000067e4  _coreInitRegisters_                 
000068f0  _coreInitStackPointer_              
000072cc  _dabort                             
00006a68  _disable_FIQ_interrupt_             
00006a70  _disable_IRQ_interrupt_             
00006a60  _disable_interrupt_                 
00006a78  _enable_interrupt_                  
00006b08  _errata_CORTEXR4_57_                
00006b18  _errata_CORTEXR4_66_                
00005740  _errata_SSWF021_45_both_plls        
00005934  _errata_SSWF021_45_pll1             
00005aac  _errata_SSWF021_45_pll2             
00006a80  _esmCcmErrorsClear_                 
0000693c  _getCPSRValue_                      
00006944  _gotoCPUIdle_                       
00007410  _pmuDisableCountersGlobal_          
00007400  _pmuEnableCountersGlobal_           
0000746c  _pmuGetCycleCount_                  
00007474  _pmuGetEventCount_                  
00007480  _pmuGetOverflow_                    
000073b4  _pmuInit_                           
00007440  _pmuResetCounters_                  
00007420  _pmuResetCycleCounter_              
00007430  _pmuResetEventCounters_             
00007460  _pmuSetCountEvent_                  
00007450  _pmuStartCounters_                  
00007458  _pmuStopCounters_                   
UNDEFED   _system_post_cinit                  
000075b1  abort                               
0000126c  adc1ParityCheck                     
00001358  adc2ParityCheck                     
ffffffff  binit                               
00001410  can1ParityCheck                     
000014e8  can2ParityCheck                     
000015b0  can3ParityCheck                     
00000030  ccmSelfCheck                        
000026fc  ccmr4GetConfigValue                 
00000938  checkB0RAMECC                       
00000b28  checkB1RAMECC                       
00001c18  checkClockMonitor                   
00000d18  checkFlashECC                       
00001cf4  checkFlashEEPROMECC                 
00001e8c  checkPLL1Slip                       
00001f8c  checkPLL2Slip                       
00002050  checkRAMAddrParity                  
000019d0  checkRAMECC                         
0000215c  checkRAMUERRTest                    
000007bc  checkefcSelfTest                    
00000234  cpuSelfTest                         
00000dfc  cpuSelfTestFail                     
00004364  customTrimLPO                       
00000df4  custom_dabort                       
0000708c  dacInit                             
000070d8  dacWrite                            
00002b58  disableParity                       
00007524  dmaGroupANotification               
00000eac  dmaParityCheck                      
00000660  efcCheck                            
00002660  efcGetConfigValue                   
00000794  efcSelfTest                         
000006e8  efcStuckZeroTest                    
00002ad0  enableParity                        
0000276c  errata_PBIST_4                      
00005f28  esmActivateNormalOperation          
00005ffc  esmClearStatus                      
0000603c  esmClearStatusBuffer                
00005ef0  esmDisableError                     
00005f60  esmDisableInterrupt                 
00005ec8  esmEnableError                      
00005f38  esmEnableInterrupt                  
00006134  esmEnterSelfTest                    
00005eac  esmError                            
0000620c  esmGetConfigValue                   
00006078  esmGetStatus                        
000060fc  esmGetStatusBuffer                  
00007494  esmGroup1Notification               
000074a4  esmGroup2Notification               
000071b8  esmHighInterrupt                    
00005da4  esmInit                             
000061bc  esmSelfTestStatus                   
00006058  esmSetCounterPreloadValue           
00005f88  esmSetInterruptLevel                
00005f18  esmTriggerErrorPinReset             
000022c4  fmcBus1ParityCheck                  
0000085c  fmcBus2Check                        
00000898  fmcECCcheck                         
000065c0  gioDisableNotification              
00006558  gioEnableNotification               
000064c0  gioGetBit                           
00006628  gioGetConfigValue                   
000064e8  gioGetPort                          
00006360  gioInit                             
000074ec  gioNotification                     
00006450  gioSetBit                           
00006430  gioSetDirection                     
000064a0  gioSetPort                          
00006500  gioToggleBit                        
000075b8  handlePLLLockFail                   
00000f58  het1ParityCheck                     
000010c0  het2ParityCheck                     
00001004  htu1ParityCheck                     
000011bc  htu2ParityCheck                     
00007598  main                                
00003a44  mapClocks                           
00000174  memoryInit                          
000074b4  memoryPort0TestFailNotification     
000074d0  memoryPort1TestFailNotification     
00001684  mibspi1ParityCheck                  
0000178c  mibspi3ParityCheck                  
000018b0  mibspi5ParityCheck                  
00004e94  muxInit                             
000023ec  pbistFail                           
00002470  pbistGetConfigValue                 
000005a8  pbistIsTestCompleted                
000005d4  pbistIsTestPassed                   
00000608  pbistPortTestStatus                 
000004ac  pbistRun                            
000002cc  pbistSelfCheck                      
00000578  pbistStop                           
000039f0  periphInit                          
000075b4  phantomInterrupt                    
00005330  pinmuxGetConfigValue                
00000000  resetEntry                          
08001578  sConfDat                            
00000020  selftestFailNotification            
000039b0  setupFlash                          
000038dc  setupPLL                            
000036c4  spi3GetConfigValue                  
0000364c  spiDisableLoopback                  
00003698  spiDisableNotification              
00003618  spiEnableLoopback                   
00003668  spiEnableNotification               
00007514  spiEndNotification                  
00002f68  spiGetData                          
00002cfc  spiInit                             
00007500  spiNotification                     
00002e4c  spiReceiveData                      
000033c0  spiSendAndGetData                   
0000318c  spiSendData                         
00002e2c  spiSetFunctional                    
00003284  spiTransmitAndReceiveData           
00003060  spiTransmitData                     
00004228  sramGetConfigValue                  
000025bc  stcGetConfigValue                   
000001b8  stcSelfCheck                        
00000df8  stcSelfCheckFail                    
00003c68  systemGetConfigValue                
00003b6c  systemInit                          
00003c38  systemPowerDown                     
0000407c  tcmflashGetConfigValue              
0000393c  trimLPO                             
00004514  vimChannelMap                       
00004780  vimDisableInterrupt                 
000045b8  vimEnableInterrupt                  
0000482c  vimGetConfigValue                   
00004440  vimInit                             
00000e00  vimParityCheck                      
00006b30  vimParityErrorHandler               


GLOBAL SYMBOLS: SORTED BY Symbol Address 

address   name                                
-------   ----                                
00000000  __TI_static_base__                  
00000000  resetEntry                          
00000020  selftestFailNotification            
00000030  ccmSelfCheck                        
00000174  memoryInit                          
000001b8  stcSelfCheck                        
00000234  cpuSelfTest                         
000002cc  pbistSelfCheck                      
000004ac  pbistRun                            
00000578  pbistStop                           
000005a8  pbistIsTestCompleted                
000005d4  pbistIsTestPassed                   
00000608  pbistPortTestStatus                 
00000660  efcCheck                            
000006e8  efcStuckZeroTest                    
00000794  efcSelfTest                         
000007bc  checkefcSelfTest                    
0000085c  fmcBus2Check                        
00000898  fmcECCcheck                         
00000938  checkB0RAMECC                       
00000b28  checkB1RAMECC                       
00000d18  checkFlashECC                       
00000df4  custom_dabort                       
00000df8  stcSelfCheckFail                    
00000dfc  cpuSelfTestFail                     
00000e00  vimParityCheck                      
00000eac  dmaParityCheck                      
00000f58  het1ParityCheck                     
00001004  htu1ParityCheck                     
000010c0  het2ParityCheck                     
000011bc  htu2ParityCheck                     
0000126c  adc1ParityCheck                     
00001358  adc2ParityCheck                     
00001410  can1ParityCheck                     
000014e8  can2ParityCheck                     
000015b0  can3ParityCheck                     
00001684  mibspi1ParityCheck                  
0000178c  mibspi3ParityCheck                  
000018b0  mibspi5ParityCheck                  
000019d0  checkRAMECC                         
00001c18  checkClockMonitor                   
00001cf4  checkFlashEEPROMECC                 
00001e8c  checkPLL1Slip                       
00001f8c  checkPLL2Slip                       
00002050  checkRAMAddrParity                  
0000215c  checkRAMUERRTest                    
000022c4  fmcBus1ParityCheck                  
000023ec  pbistFail                           
00002470  pbistGetConfigValue                 
000025bc  stcGetConfigValue                   
00002660  efcGetConfigValue                   
000026fc  ccmr4GetConfigValue                 
0000276c  errata_PBIST_4                      
00002ad0  enableParity                        
00002b58  disableParity                       
00002cfc  spiInit                             
00002e2c  spiSetFunctional                    
00002e4c  spiReceiveData                      
00002f68  spiGetData                          
00003060  spiTransmitData                     
0000318c  spiSendData                         
00003284  spiTransmitAndReceiveData           
000033c0  spiSendAndGetData                   
00003500  SpiTxStatus                         
0000358c  SpiRxStatus                         
00003618  spiEnableLoopback                   
0000364c  spiDisableLoopback                  
00003668  spiEnableNotification               
00003698  spiDisableNotification              
000036c4  spi3GetConfigValue                  
000038dc  setupPLL                            
0000393c  trimLPO                             
000039b0  setupFlash                          
000039f0  periphInit                          
00003a44  mapClocks                           
00003b6c  systemInit                          
00003c38  systemPowerDown                     
00003c68  systemGetConfigValue                
0000407c  tcmflashGetConfigValue              
00004228  sramGetConfigValue                  
00004364  customTrimLPO                       
00004440  vimInit                             
00004514  vimChannelMap                       
000045b8  vimEnableInterrupt                  
00004780  vimDisableInterrupt                 
0000482c  vimGetConfigValue                   
00004e94  muxInit                             
00005330  pinmuxGetConfigValue                
00005740  _errata_SSWF021_45_both_plls        
00005934  _errata_SSWF021_45_pll1             
00005aac  _errata_SSWF021_45_pll2             
00005da4  esmInit                             
00005eac  esmError                            
00005ec8  esmEnableError                      
00005ef0  esmDisableError                     
00005f18  esmTriggerErrorPinReset             
00005f28  esmActivateNormalOperation          
00005f38  esmEnableInterrupt                  
00005f60  esmDisableInterrupt                 
00005f88  esmSetInterruptLevel                
00005ffc  esmClearStatus                      
0000603c  esmClearStatusBuffer                
00006058  esmSetCounterPreloadValue           
00006078  esmGetStatus                        
000060fc  esmGetStatusBuffer                  
00006134  esmEnterSelfTest                    
000061bc  esmSelfTestStatus                   
0000620c  esmGetConfigValue                   
00006360  gioInit                             
00006430  gioSetDirection                     
00006450  gioSetBit                           
000064a0  gioSetPort                          
000064c0  gioGetBit                           
000064e8  gioGetPort                          
00006500  gioToggleBit                        
00006558  gioEnableNotification               
000065c0  gioDisableNotification              
00006628  gioGetConfigValue                   
000067e4  _coreInitRegisters_                 
000068f0  _coreInitStackPointer_              
0000693c  _getCPSRValue_                      
00006944  _gotoCPUIdle_                       
0000695c  _coreEnableVfp_                     
00006974  _coreEnableEventBusExport_          
00006984  _coreDisableEventBusExport_         
00006994  _coreEnableRamEcc_                  
000069a4  _coreDisableRamEcc_                 
000069b4  _coreEnableFlashEcc_                
000069c8  _coreDisableFlashEcc_               
000069d8  _coreEnableIrqVicOffset_            
000069e8  _coreGetDataFault_                  
000069f0  _coreClearDataFault_                
000069fc  _coreGetInstructionFault_           
00006a04  _coreClearInstructionFault_         
00006a10  _coreGetDataFaultAddress_           
00006a18  _coreClearDataFaultAddress_         
00006a24  _coreGetInstructionFaultAddress_    
00006a2c  _coreClearInstructionFaultAddress_  
00006a38  _coreGetAuxiliaryDataFault_         
00006a40  _coreClearAuxiliaryDataFault_       
00006a4c  _coreGetAuxiliaryInstructionFault_  
00006a54  _coreClearAuxiliaryInstructionFault_
00006a60  _disable_interrupt_                 
00006a68  _disable_FIQ_interrupt_             
00006a70  _disable_IRQ_interrupt_             
00006a78  _enable_interrupt_                  
00006a80  _esmCcmErrorsClear_                 
00006b08  _errata_CORTEXR4_57_                
00006b18  _errata_CORTEXR4_66_                
00006b28  __TI_PINIT_Base                     
00006b2c  __TI_PINIT_Limit                    
00006b30  vimParityErrorHandler               
00006dfc  _c_int00                            
0000708c  dacInit                             
000070d8  dacWrite                            
000071b8  esmHighInterrupt                    
000072cc  _dabort                             
000073b4  _pmuInit_                           
00007400  _pmuEnableCountersGlobal_           
00007410  _pmuDisableCountersGlobal_          
00007420  _pmuResetCycleCounter_              
00007430  _pmuResetEventCounters_             
00007440  _pmuResetCounters_                  
00007450  _pmuStartCounters_                  
00007458  _pmuStopCounters_                   
00007460  _pmuSetCountEvent_                  
0000746c  _pmuGetCycleCount_                  
00007474  _pmuGetEventCount_                  
00007480  _pmuGetOverflow_                    
00007494  esmGroup1Notification               
000074a4  esmGroup2Notification               
000074b4  memoryPort0TestFailNotification     
000074d0  memoryPort1TestFailNotification     
000074ec  gioNotification                     
00007500  spiNotification                     
00007514  spiEndNotification                  
00007524  dmaGroupANotification               
00007539  __TI_auto_init_nobinit_nopinit      
0000757d  __TI_zero_init_nomemset             
00007598  main                                
000075b1  C$$EXIT                             
000075b1  abort                               
000075b4  phantomInterrupt                    
000075b8  handlePLLLockFail                   
000077c8  __TI_Handler_Table_Base             
000077cc  __TI_CINIT_Base                     
000077cc  __TI_Handler_Table_Limit            
000077d4  __TI_CINIT_Limit                    
08001578  sConfDat                            
ffffffff  __TI_pprof_out_hndl                 
ffffffff  __TI_prof_data_size                 
ffffffff  __TI_prof_data_start                
ffffffff  __binit__                           
ffffffff  __c_args__                          
ffffffff  binit                               
UNDEFED   SHT$$INIT_ARRAY$$Base               
UNDEFED   SHT$$INIT_ARRAY$$Limit              
UNDEFED   _system_post_cinit                  

[198 symbols]
